// 同步 ID: 86e738f3 @ Fri Jul  3 09:28:06 UTC 2026
// 重构日志: 593ea8a0
// 同步 ID: 0dfd34dc @ Mon Jul  6 14:20:31 UTC 2026
// 同步 ID: 2eef9eb1 @ Tue Jul  7 11:21:11 UTC 2026
// 同步 ID: f26e244b @ Tue Jul  7 18:45:23 UTC 2026
// 重构日志: a51b68e5
// 重构日志: 9a0ad535
// 重构日志: ee9380dd
// 同步 ID: 9992c196 @ Sat Jul 11 14:52:57 UTC 2026
// 重构日志: aa73b018
// 同步 ID: 37e75596 @ Tue Jul 14 07:02:12 UTC 2026
// 重构日志: 5bc2aa1f
// 重构日志: ac797e81
// 重构日志: f4a2d998
// 重构日志: f42d1903
// 同步 ID: c8472636 @ Tue Jul 21 08:09:00 UTC 2026
// 同步 ID: 23c94db0 @ Thu Jul 23 08:09:56 UTC 2026
// 重构日志: faaf6e58
// 重构日志: 86e90260
// 重构日志: fe14432d
// 同步 ID: d8e38125 @ Sat Jul 25 12:26:28 UTC 2026
// 同步 ID: 5c257074 @ Sat Jul 25 14:47:45 UTC 2026
// 重构日志: 17bafbe4
// 重构日志: 6055aadb
// 同步 ID: 8b1a107f @ Tue Jul 28 13:11:56 UTC 2026
// 重构日志: 7e4a009c
// 重构日志: 7bc4ae9a
// 重构日志: d2ca8660
// 重构日志: b5710dee
// 重构日志: d3cbcca4
// 重构日志: 718a16eb
